0 verbose cli /Users/ogunwolesamuel/.nvm/versions/node/v16.20.2/bin/node /Users/ogunwolesamuel/.nvm/versions/node/v16.20.2/bin/npm
1 info using npm@8.19.4
2 info using node@v16.20.2
3 timing npm:load:whichnode Completed in 0ms
4 timing config:load:defaults Completed in 2ms
5 timing config:load:file:/Users/ogunwolesamuel/.nvm/versions/node/v16.20.2/lib/node_modules/npm/npmrc Completed in 2ms
6 timing config:load:builtin Completed in 2ms
7 timing config:load:cli Completed in 1ms
8 timing config:load:env Completed in 0ms
9 timing config:load:file:/Users/ogunwolesamuel/development/projects/BlenderPluginAI/node_modules/esbuild/lib/npm-install/.npmrc Completed in 0ms
10 timing config:load:project Completed in 5ms
11 timing config:load:file:/Users/ogunwolesamuel/.npmrc Completed in 0ms
12 timing config:load:user Completed in 0ms
13 timing config:load:file:/Users/ogunwolesamuel/.nvm/versions/node/v16.20.2/etc/npmrc Completed in 0ms
14 timing config:load:global Completed in 0ms
15 timing config:load:validate Completed in 0ms
16 timing config:load:credentials Completed in 0ms
17 timing config:load:setEnvs Completed in 1ms
18 timing config:load Completed in 11ms
19 timing npm:load:configload Completed in 11ms
20 timing npm:load:mkdirpcache Completed in 1ms
21 timing npm:load:mkdirplogs Completed in 0ms
22 verbose title npm install @esbuild/darwin-arm64@0.28.2
23 verbose argv "install" "--loglevel" "error" "--prefer-offline" "--no-audit" "--progress" "false" "@esbuild/darwin-arm64@0.28.2"
24 timing npm:load:setTitle Completed in 11ms
25 timing config:load:flatten Completed in 1ms
26 timing npm:load:display Completed in 2ms
27 verbose logfile logs-max:10 dir:/Users/ogunwolesamuel/development/projects/BlenderPluginAI/.npm-cache/_logs
28 verbose logfile /Users/ogunwolesamuel/development/projects/BlenderPluginAI/.npm-cache/_logs/2026-08-14T17_31_30_731Z-debug-0.log
29 timing npm:load:logFile Completed in 2ms
30 timing npm:load:timers Completed in 0ms
31 timing npm:load:configScope Completed in 0ms
32 timing npm:load Completed in 27ms
33 timing arborist:ctor Completed in 0ms
34 silly logfile done cleaning log files
35 timing arborist:ctor Completed in 0ms
36 timing idealTree:init Completed in 5ms
37 timing idealTree:userRequests Completed in 4ms
38 silly idealTree buildDeps
39 silly fetch manifest @esbuild/darwin-arm64@0.28.2
40 http fetch GET 200 https://registry.npmjs.org/@esbuild%2fdarwin-arm64 8ms (cache hit)
41 silly placeDep ROOT @esbuild/darwin-arm64@0.28.2 OK for:  want: 0.28.2
42 timing idealTree:#root Completed in 12ms
43 timing idealTree:node_modules/@esbuild/darwin-arm64 Completed in 0ms
44 timing idealTree:buildDeps Completed in 12ms
45 timing idealTree:fixDepFlags Completed in 0ms
46 warn EBADENGINE Unsupported engine {
46 warn EBADENGINE   package: '@esbuild/darwin-arm64@0.28.2',
46 warn EBADENGINE   required: { node: '>=18' },
46 warn EBADENGINE   current: { node: 'v16.20.2', npm: '8.19.4' }
46 warn EBADENGINE }
47 timing idealTree Completed in 22ms
48 timing reify:loadTrees Completed in 22ms
49 timing reify:diffTrees Completed in 0ms
50 silly reify moves {}
51 timing reify:retireShallow Completed in 0ms
52 timing reify:createSparse Completed in 1ms
53 timing reify:loadBundles Completed in 0ms
54 silly tarball no local data for @esbuild/darwin-arm64@https://registry.npmjs.org/@esbuild/darwin-arm64/-/darwin-arm64-0.28.2.tgz. Extracting by manifest.
55 http fetch GET 200 https://registry.npmjs.org/@esbuild/darwin-arm64/-/darwin-arm64-0.28.2.tgz 322ms (cache miss)
56 timing reifyNode:node_modules/@esbuild/darwin-arm64 Completed in 325ms
57 timing reify:unpack Completed in 325ms
58 timing reify:unretire Completed in 0ms
59 timing build:queue Completed in 2ms
60 timing build:deps Completed in 2ms
61 timing build Completed in 2ms
62 timing reify:build Completed in 2ms
63 timing reify:trash Completed in 0ms
64 timing reify:save Completed in 2ms
65 timing reify Completed in 357ms
66 silly ADD node_modules/@esbuild/darwin-arm64
67 timing command:install Completed in 358ms
68 verbose exit 0
69 timing npm Completed in 469ms
70 info ok
